// Jest Snapshot v1, https://goo.gl/fbAQLP

exports[`should render ExpenseList correctly with empty message 1`] = `
<div>
  <h1>
    Expense List
  </h1>
</div>
`;

exports[`should render ExpenseList correctly with expenses 1`] = `
<div>
  <h1>
    Expense List
  </h1>
  <ExpenseListItem
    amount={1.95}
    createdAt={0}
    description="Gum"
    id={1}
    key="1"
    note=""
  />
  <ExpenseListItem
    amount={1095}
    createdAt={-345600000}
    description="Rent"
    id={2}
    key="2"
    note=""
  />
  <ExpenseListItem
    amount={45}
    createdAt={345600000}
    description="Credit Card"
    id={3}
    key="3"
    note=""
  />
</div>
`;
