// Jest Snapshot v1, https://goo.gl/fbAQLP

exports[`should render ExpenseListItem correctly with expense 1`] = `
<div>
  <h3>
    Gum
  </h3>
  <p>
    $1.95
    -
    December 31st, 1969
  </p>
  <Link
    replace={false}
    to="/edit/1"
  >
    Edit
  </Link>
</div>
`;
